[0.007s] Invoking command in '/home/xyz/Desktop/xluo/Gazebo_test/ros2_workspace/build/my_robot_pkg': CMAKE_PREFIX_PATH=/opt/ros/humble /usr/bin/cmake --build /home/xyz/Desktop/xluo/Gazebo_test/ros2_workspace/build/my_robot_pkg -- -j20 -l20
[0.022s] -- Found ament_cmake: 1.3.12 (/opt/ros/humble/share/ament_cmake/cmake)
[0.088s] -- Found rclcpp: 16.0.14 (/opt/ros/humble/share/rclcpp/cmake)
[0.100s] -- Found rosidl_generator_c: 3.1.7 (/opt/ros/humble/share/rosidl_generator_c/cmake)
[0.100s] -- Found rosidl_adapter: 3.1.7 (/opt/ros/humble/share/rosidl_adapter/cmake)
[0.104s] -- Found rosidl_generator_cpp: 3.1.7 (/opt/ros/humble/share/rosidl_generator_cpp/cmake)
[0.108s] -- Using all available rosidl_typesupport_c: rosidl_typesupport_fastrtps_c;rosidl_typesupport_introspection_c
[0.111s] -- Using all available rosidl_typesupport_cpp: rosidl_typesupport_fastrtps_cpp;rosidl_typesupport_introspection_cpp
[0.124s] -- Found rmw_implementation_cmake: 6.1.2 (/opt/ros/humble/share/rmw_implementation_cmake/cmake)
[0.125s] -- Found rmw_fastrtps_cpp: 6.2.8 (/opt/ros/humble/share/rmw_fastrtps_cpp/cmake)
[0.173s] -- Using RMW implementation 'rmw_fastrtps_cpp' as default
[0.197s] -- Found geometry_msgs: 4.9.0 (/opt/ros/humble/share/geometry_msgs/cmake)
[0.210s] [31mCMake Error at CMakeLists.txt:13 (find_package):
[0.210s]   By not providing "Findgazebo_msgs.cmake" in CMAKE_MODULE_PATH this project
[0.210s]   has asked CMake to find a package configuration file provided by
[0.210s]   "gazebo_msgs", but CMake did not find one.
[0.210s] 
[0.210s]   Could not find a package configuration file provided by "gazebo_msgs" with
[0.210s]   any of the following names:
[0.210s] 
[0.211s]     gazebo_msgsConfig.cmake
[0.211s]     gazebo_msgs-config.cmake
[0.211s] 
[0.211s]   Add the installation prefix of "gazebo_msgs" to CMAKE_PREFIX_PATH or set
[0.211s]   "gazebo_msgs_DIR" to a directory containing one of the above files.  If
[0.211s]   "gazebo_msgs" provides a separate development package or SDK, be sure it
[0.211s]   has been installed.
[0.211s] 
[0.211s] [0m
[0.211s] -- Configuring incomplete, errors occurred!
[0.211s] See also "/home/xyz/Desktop/xluo/Gazebo_test/ros2_workspace/build/my_robot_pkg/CMakeFiles/CMakeOutput.log".
[0.213s] gmake: *** [Makefile:308: cmake_check_build_system] Error 1
[0.214s] Invoked command in '/home/xyz/Desktop/xluo/Gazebo_test/ros2_workspace/build/my_robot_pkg' returned '2': CMAKE_PREFIX_PATH=/opt/ros/humble /usr/bin/cmake --build /home/xyz/Desktop/xluo/Gazebo_test/ros2_workspace/build/my_robot_pkg -- -j20 -l20
