[0.008s] Invoking command in '/home/xyz/Desktop/xluo/Gazebo_test/ros2_workspace/build/my_robot_pkg': CMAKE_PREFIX_PATH=/opt/ros/humble /usr/bin/cmake --build /home/xyz/Desktop/xluo/Gazebo_test/ros2_workspace/build/my_robot_pkg -- -j20 -l20
[0.038s] [35m[1mConsolidate compiler generated dependencies of target simple_vel_publisher[0m
[0.045s] [ 16%] [32mBuilding CXX object CMakeFiles/wheel_torque_driver.dir/src/wheel_torque_driver.cpp.o[0m
[0.046s] [ 33%] [32mBuilding CXX object CMakeFiles/keyboard_wheel_controller.dir/src/keyboard_wheel_controller.cpp.o[0m
[0.053s] [ 66%] Built target simple_vel_publisher
[1.139s] [01m[K/home/xyz/Desktop/xluo/Gazebo_test/ros2_workspace/src/my_robot_pkg/src/wheel_torque_driver.cpp:[m[K In member function ‘[01m[Kvoid WheelTorqueDriver::updateSimulatedWheelVelocities()[m[K’:
[1.139s] [01m[K/home/xyz/Desktop/xluo/Gazebo_test/ros2_workspace/src/my_robot_pkg/src/wheel_torque_driver.cpp:259:16:[m[K [01;35m[Kwarning: [m[Kunused variable ‘[01m[Ktorque_to_velocity_gain[m[K’ [[01;35m[K]8;;https://gcc.gnu.org/onlinedocs/gcc/Warning-Options.html#index-Wunused-variable-Wunused-variable]8;;[m[K]
[1.139s]   259 |         double [01;35m[Ktorque_to_velocity_gain[m[K = 0.1;  // Simplified conversion
[1.139s]       |                [01;35m[K^~~~~~~~~~~~~~~~~~~~~~~[m[K
[1.709s] [ 83%] [32m[1mLinking CXX executable keyboard_wheel_controller[0m
[1.797s] [ 83%] Built target keyboard_wheel_controller
[4.092s] [100%] [32m[1mLinking CXX executable wheel_torque_driver[0m
[4.313s] [100%] Built target wheel_torque_driver
[4.320s] Invoked command in '/home/xyz/Desktop/xluo/Gazebo_test/ros2_workspace/build/my_robot_pkg' returned '0': CMAKE_PREFIX_PATH=/opt/ros/humble /usr/bin/cmake --build /home/xyz/Desktop/xluo/Gazebo_test/ros2_workspace/build/my_robot_pkg -- -j20 -l20
[4.328s] Invoking command in '/home/xyz/Desktop/xluo/Gazebo_test/ros2_workspace/build/my_robot_pkg': CMAKE_PREFIX_PATH=/opt/ros/humble /usr/bin/cmake --install /home/xyz/Desktop/xluo/Gazebo_test/ros2_workspace/build/my_robot_pkg
[4.333s] -- Install configuration: ""
[4.333s] -- Installing: /home/xyz/Desktop/xluo/Gazebo_test/ros2_workspace/install/my_robot_pkg/lib/my_robot_pkg/keyboard_wheel_controller
[4.333s] -- Set runtime path of "/home/xyz/Desktop/xluo/Gazebo_test/ros2_workspace/install/my_robot_pkg/lib/my_robot_pkg/keyboard_wheel_controller" to ""
[4.333s] -- Installing: /home/xyz/Desktop/xluo/Gazebo_test/ros2_workspace/install/my_robot_pkg/lib/my_robot_pkg/wheel_torque_driver
[4.334s] -- Set runtime path of "/home/xyz/Desktop/xluo/Gazebo_test/ros2_workspace/install/my_robot_pkg/lib/my_robot_pkg/wheel_torque_driver" to ""
[4.334s] -- Installing: /home/xyz/Desktop/xluo/Gazebo_test/ros2_workspace/install/my_robot_pkg/lib/my_robot_pkg/simple_vel_publisher
[4.335s] -- Set runtime path of "/home/xyz/Desktop/xluo/Gazebo_test/ros2_workspace/install/my_robot_pkg/lib/my_robot_pkg/simple_vel_publisher" to ""
[4.335s] -- Installing: /home/xyz/Desktop/xluo/Gazebo_test/ros2_workspace/install/my_robot_pkg/share/ament_index/resource_index/package_run_dependencies/my_robot_pkg
[4.335s] -- Up-to-date: /home/xyz/Desktop/xluo/Gazebo_test/ros2_workspace/install/my_robot_pkg/share/ament_index/resource_index/parent_prefix_path/my_robot_pkg
[4.335s] -- Up-to-date: /home/xyz/Desktop/xluo/Gazebo_test/ros2_workspace/install/my_robot_pkg/share/my_robot_pkg/environment/ament_prefix_path.sh
[4.335s] -- Installing: /home/xyz/Desktop/xluo/Gazebo_test/ros2_workspace/install/my_robot_pkg/share/my_robot_pkg/environment/ament_prefix_path.dsv
[4.335s] -- Up-to-date: /home/xyz/Desktop/xluo/Gazebo_test/ros2_workspace/install/my_robot_pkg/share/my_robot_pkg/environment/path.sh
[4.335s] -- Installing: /home/xyz/Desktop/xluo/Gazebo_test/ros2_workspace/install/my_robot_pkg/share/my_robot_pkg/environment/path.dsv
[4.335s] -- Up-to-date: /home/xyz/Desktop/xluo/Gazebo_test/ros2_workspace/install/my_robot_pkg/share/my_robot_pkg/local_setup.bash
[4.335s] -- Up-to-date: /home/xyz/Desktop/xluo/Gazebo_test/ros2_workspace/install/my_robot_pkg/share/my_robot_pkg/local_setup.sh
[4.335s] -- Up-to-date: /home/xyz/Desktop/xluo/Gazebo_test/ros2_workspace/install/my_robot_pkg/share/my_robot_pkg/local_setup.zsh
[4.335s] -- Installing: /home/xyz/Desktop/xluo/Gazebo_test/ros2_workspace/install/my_robot_pkg/share/my_robot_pkg/local_setup.dsv
[4.336s] -- Installing: /home/xyz/Desktop/xluo/Gazebo_test/ros2_workspace/install/my_robot_pkg/share/my_robot_pkg/package.dsv
[4.336s] -- Up-to-date: /home/xyz/Desktop/xluo/Gazebo_test/ros2_workspace/install/my_robot_pkg/share/ament_index/resource_index/packages/my_robot_pkg
[4.336s] -- Up-to-date: /home/xyz/Desktop/xluo/Gazebo_test/ros2_workspace/install/my_robot_pkg/share/my_robot_pkg/cmake/my_robot_pkgConfig.cmake
[4.336s] -- Up-to-date: /home/xyz/Desktop/xluo/Gazebo_test/ros2_workspace/install/my_robot_pkg/share/my_robot_pkg/cmake/my_robot_pkgConfig-version.cmake
[4.336s] -- Installing: /home/xyz/Desktop/xluo/Gazebo_test/ros2_workspace/install/my_robot_pkg/share/my_robot_pkg/package.xml
[4.338s] Invoked command in '/home/xyz/Desktop/xluo/Gazebo_test/ros2_workspace/build/my_robot_pkg' returned '0': CMAKE_PREFIX_PATH=/opt/ros/humble /usr/bin/cmake --install /home/xyz/Desktop/xluo/Gazebo_test/ros2_workspace/build/my_robot_pkg
