-- Found ament_cmake: 1.3.12 (/opt/ros/humble/share/ament_cmake/cmake)
-- Found rclcpp: 16.0.14 (/opt/ros/humble/share/rclcpp/cmake)
-- Found rosidl_generator_c: 3.1.7 (/opt/ros/humble/share/rosidl_generator_c/cmake)
-- Found rosidl_adapter: 3.1.7 (/opt/ros/humble/share/rosidl_adapter/cmake)
-- Found rosidl_generator_cpp: 3.1.7 (/opt/ros/humble/share/rosidl_generator_cpp/cmake)
-- Using all available rosidl_typesupport_c: rosidl_typesupport_fastrtps_c;rosidl_typesupport_introspection_c
-- Using all available rosidl_typesupport_cpp: rosidl_typesupport_fastrtps_cpp;rosidl_typesupport_introspection_cpp
-- Found rmw_implementation_cmake: 6.1.2 (/opt/ros/humble/share/rmw_implementation_cmake/cmake)
-- Found rmw_fastrtps_cpp: 6.2.8 (/opt/ros/humble/share/rmw_fastrtps_cpp/cmake)
-- Using RMW implementation 'rmw_fastrtps_cpp' as default
-- Found geometry_msgs: 4.9.0 (/opt/ros/humble/share/geometry_msgs/cmake)
-- Found gazebo_msgs: 3.9.0 (/opt/ros/humble/share/gazebo_msgs/cmake)
-- Found tf2: 0.25.16 (/opt/ros/humble/share/tf2/cmake)
-- Found tf2_ros: 0.25.16 (/opt/ros/humble/share/tf2_ros/cmake)
-- Found tf2_geometry_msgs: 0.25.16 (/opt/ros/humble/share/tf2_geometry_msgs/cmake)
-- Found eigen3_cmake_module: 0.1.1 (/opt/ros/humble/share/eigen3_cmake_module/cmake)
-- Found Eigen3: TRUE (found version "3.4.0") 
-- Ensuring Eigen3 include directory is part of orocos-kdl CMake target
-- Found ament_lint_auto: 0.12.14 (/opt/ros/humble/share/ament_lint_auto/cmake)
-- Added test 'cppcheck' to perform static code analysis on C / C++ code
-- Configured cppcheck include dirs: 
-- Configured cppcheck exclude dirs and/or files: 
-- Added test 'lint_cmake' to check CMake code style
-- Added test 'uncrustify' to check C / C++ code style
-- Configured uncrustify additional arguments: 
-- Added test 'xmllint' to check XML markup files
-- Configuring done
-- Generating done
-- Build files have been written to: /home/xyz/Desktop/xluo/Gazebo_test/ros2_workspace/build/my_robot_pkg
[ 16%] [32mBuilding CXX object CMakeFiles/simple_vel_publisher.dir/src/simple_vel_publisher.cpp.o[0m
[ 33%] [32mBuilding CXX object CMakeFiles/keyboard_wheel_controller.dir/src/keyboard_wheel_controller.cpp.o[0m
[ 50%] [32mBuilding CXX object CMakeFiles/wheel_torque_driver.dir/src/wheel_torque_driver.cpp.o[0m
[01m[K/home/xyz/Desktop/xluo/Gazebo_test/ros2_workspace/src/my_robot_pkg/src/keyboard_wheel_controller.cpp:18:10:[m[K [01;31m[Kfatal error: [m[Kgazebo_msgs/msg/apply_link_wrench.hpp: No such file or directory
   18 | #include [01;31m[K<gazebo_msgs/msg/apply_link_wrench.hpp>[m[K
      |          [01;31m[K^~~~~~~~~~~~~~~~~~~~~~~~~~~~~~~~~~~~~~~[m[K
compilation terminated.
[01m[K/home/xyz/Desktop/xluo/Gazebo_test/ros2_workspace/src/my_robot_pkg/src/wheel_torque_driver.cpp:22:10:[m[K [01;31m[Kfatal error: [m[Kgazebo_msgs/msg/apply_link_wrench.hpp: No such file or directory
   22 | #include [01;31m[K<gazebo_msgs/msg/apply_link_wrench.hpp>[m[K
      |          [01;31m[K^~~~~~~~~~~~~~~~~~~~~~~~~~~~~~~~~~~~~~~[m[K
compilation terminated.
gmake[2]: *** [CMakeFiles/keyboard_wheel_controller.dir/build.make:76: CMakeFiles/keyboard_wheel_controller.dir/src/keyboard_wheel_controller.cpp.o] Error 1
gmake[1]: *** [CMakeFiles/Makefile2:141: CMakeFiles/keyboard_wheel_controller.dir/all] Error 2
gmake[1]: *** Waiting for unfinished jobs....
gmake[2]: *** [CMakeFiles/wheel_torque_driver.dir/build.make:76: CMakeFiles/wheel_torque_driver.dir/src/wheel_torque_driver.cpp.o] Error 1
gmake[1]: *** [CMakeFiles/Makefile2:167: CMakeFiles/wheel_torque_driver.dir/all] Error 2
[ 66%] [32m[1mLinking CXX executable simple_vel_publisher[0m
[ 66%] Built target simple_vel_publisher
gmake: *** [Makefile:146: all] Error 2
