[0.006s] Invoking command in '/home/xyz/Desktop/xluo/Gazebo_test/ros2_workspace/build/my_robot_pkg': CMAKE_PREFIX_PATH=/opt/ros/humble /usr/bin/cmake --build /home/xyz/Desktop/xluo/Gazebo_test/ros2_workspace/build/my_robot_pkg -- -j20 -l20
[0.022s] -- Found ament_cmake: 1.3.12 (/opt/ros/humble/share/ament_cmake/cmake)
[0.087s] -- Found rclcpp: 16.0.14 (/opt/ros/humble/share/rclcpp/cmake)
[0.100s] -- Found rosidl_generator_c: 3.1.7 (/opt/ros/humble/share/rosidl_generator_c/cmake)
[0.101s] -- Found rosidl_adapter: 3.1.7 (/opt/ros/humble/share/rosidl_adapter/cmake)
[0.103s] -- Found rosidl_generator_cpp: 3.1.7 (/opt/ros/humble/share/rosidl_generator_cpp/cmake)
[0.107s] -- Using all available rosidl_typesupport_c: rosidl_typesupport_fastrtps_c;rosidl_typesupport_introspection_c
[0.112s] -- Using all available rosidl_typesupport_cpp: rosidl_typesupport_fastrtps_cpp;rosidl_typesupport_introspection_cpp
[0.124s] -- Found rmw_implementation_cmake: 6.1.2 (/opt/ros/humble/share/rmw_implementation_cmake/cmake)
[0.125s] -- Found rmw_fastrtps_cpp: 6.2.8 (/opt/ros/humble/share/rmw_fastrtps_cpp/cmake)
[0.179s] -- Using RMW implementation 'rmw_fastrtps_cpp' as default
[0.199s] -- Found geometry_msgs: 4.9.0 (/opt/ros/humble/share/geometry_msgs/cmake)
[0.204s] -- Found gazebo_msgs: 3.9.0 (/opt/ros/humble/share/gazebo_msgs/cmake)
[0.228s] -- Found tf2: 0.25.16 (/opt/ros/humble/share/tf2/cmake)
[0.235s] -- Found tf2_ros: 0.25.16 (/opt/ros/humble/share/tf2_ros/cmake)
[0.301s] -- Found tf2_geometry_msgs: 0.25.16 (/opt/ros/humble/share/tf2_geometry_msgs/cmake)
[0.308s] -- Found eigen3_cmake_module: 0.1.1 (/opt/ros/humble/share/eigen3_cmake_module/cmake)
[0.310s] -- Found Eigen3: TRUE (found version "3.4.0") 
[0.310s] -- Ensuring Eigen3 include directory is part of orocos-kdl CMake target
[0.312s] -- Found ament_lint_auto: 0.12.14 (/opt/ros/humble/share/ament_lint_auto/cmake)
[0.347s] -- Added test 'cppcheck' to perform static code analysis on C / C++ code
[0.347s] -- Configured cppcheck include dirs: 
[0.347s] -- Configured cppcheck exclude dirs and/or files: 
[0.347s] -- Added test 'lint_cmake' to check CMake code style
[0.347s] -- Added test 'uncrustify' to check C / C++ code style
[0.347s] -- Configured uncrustify additional arguments: 
[0.347s] -- Added test 'xmllint' to check XML markup files
[0.348s] -- Configuring done
[0.354s] -- Generating done
[0.357s] -- Build files have been written to: /home/xyz/Desktop/xluo/Gazebo_test/ros2_workspace/build/my_robot_pkg
[0.387s] [ 16%] [32mBuilding CXX object CMakeFiles/simple_vel_publisher.dir/src/simple_vel_publisher.cpp.o[0m
[0.387s] [ 33%] [32mBuilding CXX object CMakeFiles/keyboard_wheel_controller.dir/src/keyboard_wheel_controller.cpp.o[0m
[0.389s] [ 50%] [32mBuilding CXX object CMakeFiles/wheel_torque_driver.dir/src/wheel_torque_driver.cpp.o[0m
[0.477s] [01m[K/home/xyz/Desktop/xluo/Gazebo_test/ros2_workspace/src/my_robot_pkg/src/keyboard_wheel_controller.cpp:18:10:[m[K [01;31m[Kfatal error: [m[Kgazebo_msgs/msg/apply_link_wrench.hpp: No such file or directory
[0.477s]    18 | #include [01;31m[K<gazebo_msgs/msg/apply_link_wrench.hpp>[m[K
[0.477s]       |          [01;31m[K^~~~~~~~~~~~~~~~~~~~~~~~~~~~~~~~~~~~~~~[m[K
[0.477s] compilation terminated.
[0.480s] [01m[K/home/xyz/Desktop/xluo/Gazebo_test/ros2_workspace/src/my_robot_pkg/src/wheel_torque_driver.cpp:22:10:[m[K [01;31m[Kfatal error: [m[Kgazebo_msgs/msg/apply_link_wrench.hpp: No such file or directory
[0.480s]    22 | #include [01;31m[K<gazebo_msgs/msg/apply_link_wrench.hpp>[m[K
[0.480s]       |          [01;31m[K^~~~~~~~~~~~~~~~~~~~~~~~~~~~~~~~~~~~~~~[m[K
[0.480s] compilation terminated.
[0.480s] gmake[2]: *** [CMakeFiles/keyboard_wheel_controller.dir/build.make:76: CMakeFiles/keyboard_wheel_controller.dir/src/keyboard_wheel_controller.cpp.o] Error 1
[0.480s] gmake[1]: *** [CMakeFiles/Makefile2:141: CMakeFiles/keyboard_wheel_controller.dir/all] Error 2
[0.480s] gmake[1]: *** Waiting for unfinished jobs....
[0.481s] gmake[2]: *** [CMakeFiles/wheel_torque_driver.dir/build.make:76: CMakeFiles/wheel_torque_driver.dir/src/wheel_torque_driver.cpp.o] Error 1
[0.482s] gmake[1]: *** [CMakeFiles/Makefile2:167: CMakeFiles/wheel_torque_driver.dir/all] Error 2
[2.203s] [ 66%] [32m[1mLinking CXX executable simple_vel_publisher[0m
[2.310s] [ 66%] Built target simple_vel_publisher
[2.311s] gmake: *** [Makefile:146: all] Error 2
[2.314s] Invoked command in '/home/xyz/Desktop/xluo/Gazebo_test/ros2_workspace/build/my_robot_pkg' returned '2': CMAKE_PREFIX_PATH=/opt/ros/humble /usr/bin/cmake --build /home/xyz/Desktop/xluo/Gazebo_test/ros2_workspace/build/my_robot_pkg -- -j20 -l20
