[0.008s] Invoking command in '/home/xyz/Desktop/xluo/Gazebo_test/ros2_workspace/build/my_robot_pkg': CMAKE_PREFIX_PATH=/opt/ros/humble /usr/bin/cmake --build /home/xyz/Desktop/xluo/Gazebo_test/ros2_workspace/build/my_robot_pkg -- -j20 -l20
[0.024s] -- Found ament_cmake: 1.3.12 (/opt/ros/humble/share/ament_cmake/cmake)
[0.095s] -- Found rclcpp: 16.0.14 (/opt/ros/humble/share/rclcpp/cmake)
[0.108s] -- Found rosidl_generator_c: 3.1.7 (/opt/ros/humble/share/rosidl_generator_c/cmake)
[0.110s] -- Found rosidl_adapter: 3.1.7 (/opt/ros/humble/share/rosidl_adapter/cmake)
[0.112s] -- Found rosidl_generator_cpp: 3.1.7 (/opt/ros/humble/share/rosidl_generator_cpp/cmake)
[0.116s] -- Using all available rosidl_typesupport_c: rosidl_typesupport_fastrtps_c;rosidl_typesupport_introspection_c
[0.129s] -- Using all available rosidl_typesupport_cpp: rosidl_typesupport_fastrtps_cpp;rosidl_typesupport_introspection_cpp
[0.146s] -- Found rmw_implementation_cmake: 6.1.2 (/opt/ros/humble/share/rmw_implementation_cmake/cmake)
[0.146s] -- Found rmw_fastrtps_cpp: 6.2.8 (/opt/ros/humble/share/rmw_fastrtps_cpp/cmake)
[0.201s] -- Using RMW implementation 'rmw_fastrtps_cpp' as default
[0.222s] -- Found geometry_msgs: 4.9.0 (/opt/ros/humble/share/geometry_msgs/cmake)
[0.227s] -- Found gazebo_msgs: 3.9.0 (/opt/ros/humble/share/gazebo_msgs/cmake)
[0.242s] -- Found tf2: 0.25.16 (/opt/ros/humble/share/tf2/cmake)
[0.244s] -- Found tf2_ros: 0.25.16 (/opt/ros/humble/share/tf2_ros/cmake)
[0.277s] -- Found tf2_geometry_msgs: 0.25.16 (/opt/ros/humble/share/tf2_geometry_msgs/cmake)
[0.278s] -- Found eigen3_cmake_module: 0.1.1 (/opt/ros/humble/share/eigen3_cmake_module/cmake)
[0.279s] -- Ensuring Eigen3 include directory is part of orocos-kdl CMake target
[0.280s] -- Found ament_lint_auto: 0.12.14 (/opt/ros/humble/share/ament_lint_auto/cmake)
[0.319s] -- Added test 'cppcheck' to perform static code analysis on C / C++ code
[0.319s] -- Configured cppcheck include dirs: 
[0.319s] -- Configured cppcheck exclude dirs and/or files: 
[0.319s] -- Added test 'flake8' to check Python code syntax and style conventions
[0.321s] -- Added test 'lint_cmake' to check CMake code style
[0.321s] -- Added test 'pep257' to check Python code against some of the docstring style conventions in PEP 257
[0.322s] -- Added test 'uncrustify' to check C / C++ code style
[0.322s] -- Configured uncrustify additional arguments: 
[0.322s] -- Added test 'xmllint' to check XML markup files
[0.322s] -- Configuring done
[0.329s] -- Generating done
[0.332s] -- Build files have been written to: /home/xyz/Desktop/xluo/Gazebo_test/ros2_workspace/build/my_robot_pkg
[0.350s] [35m[1mConsolidate compiler generated dependencies of target keyboard_wheel_controller[0m
[0.354s] [35m[1mConsolidate compiler generated dependencies of target wheel_torque_driver[0m
[0.359s] [35m[1mConsolidate compiler generated dependencies of target simple_vel_publisher[0m
[0.359s] [ 33%] Built target keyboard_wheel_controller
[0.363s] [ 66%] Built target wheel_torque_driver
[0.367s] [100%] Built target simple_vel_publisher
[0.376s] Invoked command in '/home/xyz/Desktop/xluo/Gazebo_test/ros2_workspace/build/my_robot_pkg' returned '0': CMAKE_PREFIX_PATH=/opt/ros/humble /usr/bin/cmake --build /home/xyz/Desktop/xluo/Gazebo_test/ros2_workspace/build/my_robot_pkg -- -j20 -l20
[0.382s] Invoking command in '/home/xyz/Desktop/xluo/Gazebo_test/ros2_workspace/build/my_robot_pkg': CMAKE_PREFIX_PATH=/opt/ros/humble /usr/bin/cmake --install /home/xyz/Desktop/xluo/Gazebo_test/ros2_workspace/build/my_robot_pkg
[0.385s] -- Install configuration: ""
[0.386s] -- Up-to-date: /home/xyz/Desktop/xluo/Gazebo_test/ros2_workspace/install/my_robot_pkg/lib/my_robot_pkg/keyboard_wheel_controller
[0.386s] -- Up-to-date: /home/xyz/Desktop/xluo/Gazebo_test/ros2_workspace/install/my_robot_pkg/lib/my_robot_pkg/wheel_torque_driver
[0.386s] -- Up-to-date: /home/xyz/Desktop/xluo/Gazebo_test/ros2_workspace/install/my_robot_pkg/lib/my_robot_pkg/simple_vel_publisher
[0.386s] -- Installing: /home/xyz/Desktop/xluo/Gazebo_test/ros2_workspace/install/my_robot_pkg/share/my_robot_pkg/launch/
[0.387s] -- Installing: /home/xyz/Desktop/xluo/Gazebo_test/ros2_workspace/install/my_robot_pkg/share/my_robot_pkg/launch//robot_control.launch.py
[0.387s] -- Up-to-date: /home/xyz/Desktop/xluo/Gazebo_test/ros2_workspace/install/my_robot_pkg/share/ament_index/resource_index/package_run_dependencies/my_robot_pkg
[0.387s] -- Up-to-date: /home/xyz/Desktop/xluo/Gazebo_test/ros2_workspace/install/my_robot_pkg/share/ament_index/resource_index/parent_prefix_path/my_robot_pkg
[0.387s] -- Up-to-date: /home/xyz/Desktop/xluo/Gazebo_test/ros2_workspace/install/my_robot_pkg/share/my_robot_pkg/environment/ament_prefix_path.sh
[0.387s] -- Installing: /home/xyz/Desktop/xluo/Gazebo_test/ros2_workspace/install/my_robot_pkg/share/my_robot_pkg/environment/ament_prefix_path.dsv
[0.388s] -- Up-to-date: /home/xyz/Desktop/xluo/Gazebo_test/ros2_workspace/install/my_robot_pkg/share/my_robot_pkg/environment/path.sh
[0.388s] -- Installing: /home/xyz/Desktop/xluo/Gazebo_test/ros2_workspace/install/my_robot_pkg/share/my_robot_pkg/environment/path.dsv
[0.388s] -- Up-to-date: /home/xyz/Desktop/xluo/Gazebo_test/ros2_workspace/install/my_robot_pkg/share/my_robot_pkg/local_setup.bash
[0.388s] -- Up-to-date: /home/xyz/Desktop/xluo/Gazebo_test/ros2_workspace/install/my_robot_pkg/share/my_robot_pkg/local_setup.sh
[0.388s] -- Up-to-date: /home/xyz/Desktop/xluo/Gazebo_test/ros2_workspace/install/my_robot_pkg/share/my_robot_pkg/local_setup.zsh
[0.388s] -- Installing: /home/xyz/Desktop/xluo/Gazebo_test/ros2_workspace/install/my_robot_pkg/share/my_robot_pkg/local_setup.dsv
[0.388s] -- Installing: /home/xyz/Desktop/xluo/Gazebo_test/ros2_workspace/install/my_robot_pkg/share/my_robot_pkg/package.dsv
[0.388s] -- Up-to-date: /home/xyz/Desktop/xluo/Gazebo_test/ros2_workspace/install/my_robot_pkg/share/ament_index/resource_index/packages/my_robot_pkg
[0.388s] -- Up-to-date: /home/xyz/Desktop/xluo/Gazebo_test/ros2_workspace/install/my_robot_pkg/share/my_robot_pkg/cmake/my_robot_pkgConfig.cmake
[0.388s] -- Up-to-date: /home/xyz/Desktop/xluo/Gazebo_test/ros2_workspace/install/my_robot_pkg/share/my_robot_pkg/cmake/my_robot_pkgConfig-version.cmake
[0.389s] -- Up-to-date: /home/xyz/Desktop/xluo/Gazebo_test/ros2_workspace/install/my_robot_pkg/share/my_robot_pkg/package.xml
[0.391s] Invoked command in '/home/xyz/Desktop/xluo/Gazebo_test/ros2_workspace/build/my_robot_pkg' returned '0': CMAKE_PREFIX_PATH=/opt/ros/humble /usr/bin/cmake --install /home/xyz/Desktop/xluo/Gazebo_test/ros2_workspace/build/my_robot_pkg
