[0.007s] Invoking command in '/home/xyz/Desktop/xluo/Gazebo_test/ros2_workspace/build/my_robot_pkg': CMAKE_PREFIX_PATH=/opt/ros/humble /usr/bin/cmake /home/xyz/Desktop/xluo/Gazebo_test/ros2_workspace/src/my_robot_pkg -DCMAKE_INSTALL_PREFIX=/home/xyz/Desktop/xluo/Gazebo_test/ros2_workspace/install/my_robot_pkg
[0.016s] -- Found ament_cmake: 1.3.12 (/opt/ros/humble/share/ament_cmake/cmake)
[0.083s] -- Found rclcpp: 16.0.14 (/opt/ros/humble/share/rclcpp/cmake)
[0.094s] -- Found rosidl_generator_c: 3.1.7 (/opt/ros/humble/share/rosidl_generator_c/cmake)
[0.095s] -- Found rosidl_adapter: 3.1.7 (/opt/ros/humble/share/rosidl_adapter/cmake)
[0.098s] -- Found rosidl_generator_cpp: 3.1.7 (/opt/ros/humble/share/rosidl_generator_cpp/cmake)
[0.101s] -- Using all available rosidl_typesupport_c: rosidl_typesupport_fastrtps_c;rosidl_typesupport_introspection_c
[0.106s] -- Using all available rosidl_typesupport_cpp: rosidl_typesupport_fastrtps_cpp;rosidl_typesupport_introspection_cpp
[0.119s] -- Found rmw_implementation_cmake: 6.1.2 (/opt/ros/humble/share/rmw_implementation_cmake/cmake)
[0.119s] -- Found rmw_fastrtps_cpp: 6.2.8 (/opt/ros/humble/share/rmw_fastrtps_cpp/cmake)
[0.171s] -- Using RMW implementation 'rmw_fastrtps_cpp' as default
[0.190s] -- Found ament_lint_auto: 0.12.14 (/opt/ros/humble/share/ament_lint_auto/cmake)
[0.223s] -- Added test 'cppcheck' to perform static code analysis on C / C++ code
[0.223s] -- Configured cppcheck include dirs: 
[0.223s] -- Configured cppcheck exclude dirs and/or files: 
[0.223s] -- Added test 'lint_cmake' to check CMake code style
[0.223s] -- Added test 'uncrustify' to check C / C++ code style
[0.223s] -- Configured uncrustify additional arguments: 
[0.223s] -- Added test 'xmllint' to check XML markup files
[0.224s] -- Configuring done
[0.228s] -- Generating done
[0.230s] -- Build files have been written to: /home/xyz/Desktop/xluo/Gazebo_test/ros2_workspace/build/my_robot_pkg
[0.235s] Invoked command in '/home/xyz/Desktop/xluo/Gazebo_test/ros2_workspace/build/my_robot_pkg' returned '0': CMAKE_PREFIX_PATH=/opt/ros/humble /usr/bin/cmake /home/xyz/Desktop/xluo/Gazebo_test/ros2_workspace/src/my_robot_pkg -DCMAKE_INSTALL_PREFIX=/home/xyz/Desktop/xluo/Gazebo_test/ros2_workspace/install/my_robot_pkg
[0.235s] Invoking command in '/home/xyz/Desktop/xluo/Gazebo_test/ros2_workspace/build/my_robot_pkg': CMAKE_PREFIX_PATH=/opt/ros/humble /usr/bin/cmake --build /home/xyz/Desktop/xluo/Gazebo_test/ros2_workspace/build/my_robot_pkg -- -j20 -l20
[0.280s] [ 25%] [32mBuilding CXX object CMakeFiles/listener.dir/src/listener.cpp.o[0m
[0.282s] [ 50%] [32mBuilding CXX object CMakeFiles/talker.dir/src/talker.cpp.o[0m
[2.255s] [ 75%] [32m[1mLinking CXX executable talker[0m
[2.370s] [ 75%] Built target talker
[3.876s] [100%] [32m[1mLinking CXX executable listener[0m
[4.028s] [100%] Built target listener
[4.036s] Invoked command in '/home/xyz/Desktop/xluo/Gazebo_test/ros2_workspace/build/my_robot_pkg' returned '0': CMAKE_PREFIX_PATH=/opt/ros/humble /usr/bin/cmake --build /home/xyz/Desktop/xluo/Gazebo_test/ros2_workspace/build/my_robot_pkg -- -j20 -l20
[4.044s] Invoking command in '/home/xyz/Desktop/xluo/Gazebo_test/ros2_workspace/build/my_robot_pkg': CMAKE_PREFIX_PATH=/opt/ros/humble /usr/bin/cmake --install /home/xyz/Desktop/xluo/Gazebo_test/ros2_workspace/build/my_robot_pkg
[4.048s] -- Install configuration: ""
[4.048s] -- Installing: /home/xyz/Desktop/xluo/Gazebo_test/ros2_workspace/install/my_robot_pkg/lib/my_robot_pkg/talker
[4.050s] -- Set runtime path of "/home/xyz/Desktop/xluo/Gazebo_test/ros2_workspace/install/my_robot_pkg/lib/my_robot_pkg/talker" to ""
[4.050s] -- Installing: /home/xyz/Desktop/xluo/Gazebo_test/ros2_workspace/install/my_robot_pkg/lib/my_robot_pkg/listener
[4.052s] -- Set runtime path of "/home/xyz/Desktop/xluo/Gazebo_test/ros2_workspace/install/my_robot_pkg/lib/my_robot_pkg/listener" to ""
[4.052s] -- Installing: /home/xyz/Desktop/xluo/Gazebo_test/ros2_workspace/install/my_robot_pkg/share/ament_index/resource_index/package_run_dependencies/my_robot_pkg
[4.052s] -- Installing: /home/xyz/Desktop/xluo/Gazebo_test/ros2_workspace/install/my_robot_pkg/share/ament_index/resource_index/parent_prefix_path/my_robot_pkg
[4.052s] -- Installing: /home/xyz/Desktop/xluo/Gazebo_test/ros2_workspace/install/my_robot_pkg/share/my_robot_pkg/environment/ament_prefix_path.sh
[4.052s] -- Installing: /home/xyz/Desktop/xluo/Gazebo_test/ros2_workspace/install/my_robot_pkg/share/my_robot_pkg/environment/ament_prefix_path.dsv
[4.052s] -- Installing: /home/xyz/Desktop/xluo/Gazebo_test/ros2_workspace/install/my_robot_pkg/share/my_robot_pkg/environment/path.sh
[4.052s] -- Installing: /home/xyz/Desktop/xluo/Gazebo_test/ros2_workspace/install/my_robot_pkg/share/my_robot_pkg/environment/path.dsv
[4.053s] -- Installing: /home/xyz/Desktop/xluo/Gazebo_test/ros2_workspace/install/my_robot_pkg/share/my_robot_pkg/local_setup.bash
[4.053s] -- Installing: /home/xyz/Desktop/xluo/Gazebo_test/ros2_workspace/install/my_robot_pkg/share/my_robot_pkg/local_setup.sh
[4.053s] -- Installing: /home/xyz/Desktop/xluo/Gazebo_test/ros2_workspace/install/my_robot_pkg/share/my_robot_pkg/local_setup.zsh
[4.053s] -- Installing: /home/xyz/Desktop/xluo/Gazebo_test/ros2_workspace/install/my_robot_pkg/share/my_robot_pkg/local_setup.dsv
[4.053s] -- Installing: /home/xyz/Desktop/xluo/Gazebo_test/ros2_workspace/install/my_robot_pkg/share/my_robot_pkg/package.dsv
[4.053s] -- Installing: /home/xyz/Desktop/xluo/Gazebo_test/ros2_workspace/install/my_robot_pkg/share/ament_index/resource_index/packages/my_robot_pkg
[4.053s] -- Installing: /home/xyz/Desktop/xluo/Gazebo_test/ros2_workspace/install/my_robot_pkg/share/my_robot_pkg/cmake/my_robot_pkgConfig.cmake
[4.054s] -- Installing: /home/xyz/Desktop/xluo/Gazebo_test/ros2_workspace/install/my_robot_pkg/share/my_robot_pkg/cmake/my_robot_pkgConfig-version.cmake
[4.054s] -- Installing: /home/xyz/Desktop/xluo/Gazebo_test/ros2_workspace/install/my_robot_pkg/share/my_robot_pkg/package.xml
[4.056s] Invoked command in '/home/xyz/Desktop/xluo/Gazebo_test/ros2_workspace/build/my_robot_pkg' returned '0': CMAKE_PREFIX_PATH=/opt/ros/humble /usr/bin/cmake --install /home/xyz/Desktop/xluo/Gazebo_test/ros2_workspace/build/my_robot_pkg
